Determining if the pthread_create exist failed with the following output:
Change Dir: /home/purduerm/ros2_ws/src/SLAMurai/autonav/madgwick_ros2_dashing/build/imu_madgwick_dashing/CMakeFiles/CMakeTmp

Run Build Command:"/usr/bin/make" "cmTC_de626/fast"
/usr/bin/make -f CMakeFiles/cmTC_de626.dir/build.make CMakeFiles/cmTC_de626.dir/build
make[1]: Entering directory '/home/purduerm/ros2_ws/src/SLAMurai/autonav/madgwick_ros2_dashing/build/imu_madgwick_dashing/CMakeFiles/CMakeTmp'
Building C object CMakeFiles/cmTC_de626.dir/CheckSymbolExists.c.o
/usr/bin/cc    -o CMakeFiles/cmTC_de626.dir/CheckSymbolExists.c.o   -c /home/purduerm/ros2_ws/src/SLAMurai/autonav/madgwick_ros2_dashing/build/imu_madgwick_dashing/CMakeFiles/CMakeTmp/CheckSymbolExists.c
Linking C executable cmTC_de626
/usr/bin/cmake -E cmake_link_script CMakeFiles/cmTC_de626.dir/link.txt --verbose=1
/usr/bin/cc      CMakeFiles/cmTC_de626.dir/CheckSymbolExists.c.o  -o cmTC_de626 
CMakeFiles/cmTC_de626.dir/CheckSymbolExists.c.o: In function `main':
CheckSymbolExists.c:(.text+0x14): undefined reference to `pthread_create'
CheckSymbolExists.c:(.text+0x18): undefined reference to `pthread_create'
collect2: error: ld returned 1 exit status
CMakeFiles/cmTC_de626.dir/build.make:97: recipe for target 'cmTC_de626' failed
make[1]: *** [cmTC_de626] Error 1
make[1]: Leaving directory '/home/purduerm/ros2_ws/src/SLAMurai/autonav/madgwick_ros2_dashing/build/imu_madgwick_dashing/CMakeFiles/CMakeTmp'
Makefile:126: recipe for target 'cmTC_de626/fast' failed
make: *** [cmTC_de626/fast] Error 2

File /home/purduerm/ros2_ws/src/SLAMurai/autonav/madgwick_ros2_dashing/build/imu_madgwick_dashing/CMakeFiles/CMakeTmp/CheckSymbolExists.c:
/* */
#include <pthread.h>

int main(int argc, char** argv)
{
  (void)argv;
#ifndef pthread_create
  return ((int*)(&pthread_create))[argc];
#else
  (void)argc;
  return 0;
#endif
}

Determining if the function pthread_create exists in the pthreads failed with the following output:
Change Dir: /home/purduerm/ros2_ws/src/SLAMurai/autonav/madgwick_ros2_dashing/build/imu_madgwick_dashing/CMakeFiles/CMakeTmp

Run Build Command:"/usr/bin/make" "cmTC_3f687/fast"
/usr/bin/make -f CMakeFiles/cmTC_3f687.dir/build.make CMakeFiles/cmTC_3f687.dir/build
make[1]: Entering directory '/home/purduerm/ros2_ws/src/SLAMurai/autonav/madgwick_ros2_dashing/build/imu_madgwick_dashing/CMakeFiles/CMakeTmp'
Building C object CMakeFiles/cmTC_3f687.dir/CheckFunctionExists.c.o
/usr/bin/cc   -DCHECK_FUNCTION_EXISTS=pthread_create   -o CMakeFiles/cmTC_3f687.dir/CheckFunctionExists.c.o   -c /usr/share/cmake-3.10/Modules/CheckFunctionExists.c
Linking C executable cmTC_3f687
/usr/bin/cmake -E cmake_link_script CMakeFiles/cmTC_3f687.dir/link.txt --verbose=1
/usr/bin/cc  -DCHECK_FUNCTION_EXISTS=pthread_create    CMakeFiles/cmTC_3f687.dir/CheckFunctionExists.c.o  -o cmTC_3f687 -lpthreads 
/usr/bin/ld: cannot find -lpthreads
collect2: error: ld returned 1 exit status
CMakeFiles/cmTC_3f687.dir/build.make:97: recipe for target 'cmTC_3f687' failed
make[1]: *** [cmTC_3f687] Error 1
make[1]: Leaving directory '/home/purduerm/ros2_ws/src/SLAMurai/autonav/madgwick_ros2_dashing/build/imu_madgwick_dashing/CMakeFiles/CMakeTmp'
Makefile:126: recipe for target 'cmTC_3f687/fast' failed
make: *** [cmTC_3f687/fast] Error 2


