[0.576s] DEBUG:colcon:Command line arguments: ['/usr/bin/colcon', 'build', '--symlink-install', '--packages-select', 'imu_madgwick_dashing']
[0.577s] DEBUG:colcon:Parsed command line arguments: Namespace(allow_overriding=[], ament_cmake_args=None, base_paths=['.'], build_base='build', catkin_cmake_args=None, catkin_skip_building_tests=False, cmake_args=None, cmake_clean_cache=False, cmake_clean_first=False, cmake_force_configure=False, cmake_target=None, cmake_target_skip_unavailable=False, continue_on_error=False, event_handlers=None, executor='parallel', ignore_user_meta=False, install_base='install', log_base=None, log_level=None, main=<bound method BuildVerb.main of <colcon_core.verb.build.BuildVerb object at 0x7f7e3f2b38>>, merge_install=False, metas=['./colcon.meta'], packages_above=None, packages_above_and_dependencies=None, packages_above_depth=None, packages_end=None, packages_ignore=None, packages_ignore_regex=None, packages_select=['imu_madgwick_dashing'], packages_select_build_failed=False, packages_select_by_dep=None, packages_select_regex=None, packages_select_test_failures=False, packages_skip=None, packages_skip_build_finished=False, packages_skip_by_dep=None, packages_skip_regex=None, packages_skip_test_passed=False, packages_skip_up_to=None, packages_start=None, packages_up_to=None, packages_up_to_regex=None, parallel_workers=6, paths=None, symlink_install=True, test_result_base=None, verb_extension=<colcon_core.verb.build.BuildVerb object at 0x7f7e3f2b38>, verb_name='build', verb_parser=<colcon_defaults.argument_parser.defaults.DefaultArgumentsDecorator object at 0x7f7e3f2e80>)
[0.679s] Level 1:colcon.colcon_core.package_discovery:discover_packages(colcon_meta) check parameters
[0.680s] Level 1:colcon.colcon_core.package_discovery:discover_packages(recursive) check parameters
[0.680s] Level 1:colcon.colcon_core.package_discovery:discover_packages(ignore) check parameters
[0.680s] Level 1:colcon.colcon_core.package_discovery:discover_packages(path) check parameters
[0.681s] Level 1:colcon.colcon_core.package_discovery:discover_packages(colcon_meta) discover
[0.682s] Level 1:colcon.colcon_core.package_discovery:discover_packages(recursive) discover
[0.682s] INFO:colcon.colcon_core.package_discovery:Crawling recursively for packages in '/home/purduerm/ros2_ws/src/SLAMurai/autonav/madgwick_ros2_dashing'
[0.683s] Level 1:colcon.colcon_core.package_identification:_identify(.) by extensions ['ignore', 'ignore_ament_install']
[0.684s] Level 1:colcon.colcon_core.package_identification:_identify(.) by extension 'ignore'
[0.684s] Level 1:colcon.colcon_core.package_identification:_identify(.) by extension 'ignore_ament_install'
[0.685s] Level 1:colcon.colcon_core.package_identification:_identify(.) by extensions ['colcon_pkg']
[0.685s] Level 1:colcon.colcon_core.package_identification:_identify(.) by extension 'colcon_pkg'
[0.686s] Level 1:colcon.colcon_core.package_identification:_identify(.) by extensions ['colcon_meta']
[0.686s] Level 1:colcon.colcon_core.package_identification:_identify(.) by extension 'colcon_meta'
[0.686s] Level 1:colcon.colcon_core.package_identification:_identify(.) by extensions ['ros']
[0.686s] Level 1:colcon.colcon_core.package_identification:_identify(.) by extension 'ros'
[0.756s] DEBUG:colcon.colcon_core.package_identification:Package '.' with type 'ros.ament_cmake' and name 'imu_madgwick_dashing'
[0.757s] Level 1:colcon.colcon_core.package_discovery:discover_packages(recursive) using defaults
[0.758s] Level 1:colcon.colcon_core.package_discovery:discover_packages(ignore) discover
[0.758s] Level 1:colcon.colcon_core.package_discovery:discover_packages(ignore) using defaults
[0.758s] Level 1:colcon.colcon_core.package_discovery:discover_packages(path) discover
[0.759s] Level 1:colcon.colcon_core.package_discovery:discover_packages(path) using defaults
[0.836s] Level 1:colcon.colcon_core.package_discovery:discover_packages(prefix_path) check parameters
[0.836s] Level 1:colcon.colcon_core.package_discovery:discover_packages(prefix_path) discover
[0.857s] DEBUG:colcon.colcon_installed_package_information.package_discovery:Found 257 installed packages in /opt/ros/dashing
[0.866s] Level 1:colcon.colcon_core.package_discovery:discover_packages(prefix_path) using defaults
[1.243s] Level 5:colcon.colcon_core.verb:set package 'imu_madgwick_dashing' build argument 'cmake_args' from command line to 'None'
[1.243s] Level 5:colcon.colcon_core.verb:set package 'imu_madgwick_dashing' build argument 'cmake_target' from command line to 'None'
[1.243s] Level 5:colcon.colcon_core.verb:set package 'imu_madgwick_dashing' build argument 'cmake_target_skip_unavailable' from command line to 'False'
[1.243s] Level 5:colcon.colcon_core.verb:set package 'imu_madgwick_dashing' build argument 'cmake_clean_cache' from command line to 'False'
[1.244s] Level 5:colcon.colcon_core.verb:set package 'imu_madgwick_dashing' build argument 'cmake_clean_first' from command line to 'False'
[1.244s] Level 5:colcon.colcon_core.verb:set package 'imu_madgwick_dashing' build argument 'cmake_force_configure' from command line to 'False'
[1.244s] Level 5:colcon.colcon_core.verb:set package 'imu_madgwick_dashing' build argument 'ament_cmake_args' from command line to 'None'
[1.244s] Level 5:colcon.colcon_core.verb:set package 'imu_madgwick_dashing' build argument 'catkin_cmake_args' from command line to 'None'
[1.244s] Level 5:colcon.colcon_core.verb:set package 'imu_madgwick_dashing' build argument 'catkin_skip_building_tests' from command line to 'False'
[1.245s] DEBUG:colcon.colcon_core.verb:Building package 'imu_madgwick_dashing' with the following arguments: {'ament_cmake_args': None, 'build_base': '/home/purduerm/ros2_ws/src/SLAMurai/autonav/madgwick_ros2_dashing/build/imu_madgwick_dashing', 'catkin_cmake_args': None, 'catkin_skip_building_tests': False, 'cmake_args': None, 'cmake_clean_cache': False, 'cmake_clean_first': False, 'cmake_force_configure': False, 'cmake_target': None, 'cmake_target_skip_unavailable': False, 'install_base': '/home/purduerm/ros2_ws/src/SLAMurai/autonav/madgwick_ros2_dashing/install/imu_madgwick_dashing', 'merge_install': False, 'path': '/home/purduerm/ros2_ws/src/SLAMurai/autonav/madgwick_ros2_dashing', 'symlink_install': True, 'test_result_base': None}
[1.246s] INFO:colcon.colcon_core.executor:Executing jobs using 'parallel' executor
[1.252s] DEBUG:colcon.colcon_parallel_executor.executor.parallel:run_until_complete
[1.254s] INFO:colcon.colcon_ros.task.ament_cmake.build:Building ROS package in '/home/purduerm/ros2_ws/src/SLAMurai/autonav/madgwick_ros2_dashing' with build type 'ament_cmake'
[1.255s] INFO:colcon.colcon_cmake.task.cmake.build:Building CMake package in '/home/purduerm/ros2_ws/src/SLAMurai/autonav/madgwick_ros2_dashing'
[1.269s] INFO:colcon.colcon_core.plugin_system:Skipping extension 'colcon_core.shell.bat': Not used on non-Windows systems
[1.270s] INFO:colcon.colcon_core.shell:Skip shell extension 'powershell' for command environment: Not usable outside of PowerShell
[1.270s] DEBUG:colcon.colcon_core.shell:Skip shell extension 'dsv' for command environment
[1.338s] DEBUG:colcon.colcon_core.event_handler.log_command:Invoking command in '/home/purduerm/ros2_ws/src/SLAMurai/autonav/madgwick_ros2_dashing/build/imu_madgwick_dashing': CMAKE_PREFIX_PATH=/opt/ros/dashing /usr/bin/cmake /home/purduerm/ros2_ws/src/SLAMurai/autonav/madgwick_ros2_dashing -DAMENT_CMAKE_SYMLINK_INSTALL=1 -DCMAKE_INSTALL_PREFIX=/home/purduerm/ros2_ws/src/SLAMurai/autonav/madgwick_ros2_dashing/install/imu_madgwick_dashing
[3.993s] DEBUG:colcon.colcon_core.event_handler.log_command:Invoked command in '/home/purduerm/ros2_ws/src/SLAMurai/autonav/madgwick_ros2_dashing/build/imu_madgwick_dashing' returned '0': CMAKE_PREFIX_PATH=/opt/ros/dashing /usr/bin/cmake /home/purduerm/ros2_ws/src/SLAMurai/autonav/madgwick_ros2_dashing -DAMENT_CMAKE_SYMLINK_INSTALL=1 -DCMAKE_INSTALL_PREFIX=/home/purduerm/ros2_ws/src/SLAMurai/autonav/madgwick_ros2_dashing/install/imu_madgwick_dashing
[4.014s] DEBUG:colcon.colcon_core.event_handler.log_command:Invoking command in '/home/purduerm/ros2_ws/src/SLAMurai/autonav/madgwick_ros2_dashing/build/imu_madgwick_dashing': CMAKE_PREFIX_PATH=/opt/ros/dashing /usr/bin/cmake --build /home/purduerm/ros2_ws/src/SLAMurai/autonav/madgwick_ros2_dashing/build/imu_madgwick_dashing -- -j6 -l6
[14.286s] DEBUG:colcon.colcon_core.event_handler.log_command:Invoked command in '/home/purduerm/ros2_ws/src/SLAMurai/autonav/madgwick_ros2_dashing/build/imu_madgwick_dashing' returned '2': CMAKE_PREFIX_PATH=/opt/ros/dashing /usr/bin/cmake --build /home/purduerm/ros2_ws/src/SLAMurai/autonav/madgwick_ros2_dashing/build/imu_madgwick_dashing -- -j6 -l6
[14.389s] Level 1:colcon.colcon_core.environment:create_environment_scripts_only(imu_madgwick_dashing)
[14.399s] Level 1:colcon.colcon_core.environment:checking '/home/purduerm/ros2_ws/src/SLAMurai/autonav/madgwick_ros2_dashing/install/imu_madgwick_dashing' for CMake module files
[14.401s] Level 1:colcon.colcon_core.environment:checking '/home/purduerm/ros2_ws/src/SLAMurai/autonav/madgwick_ros2_dashing/install/imu_madgwick_dashing' for CMake config files
[14.403s] Level 1:colcon.colcon_core.environment:checking '/home/purduerm/ros2_ws/src/SLAMurai/autonav/madgwick_ros2_dashing/install/imu_madgwick_dashing/bin'
[14.404s] Level 1:colcon.colcon_core.environment:checking '/home/purduerm/ros2_ws/src/SLAMurai/autonav/madgwick_ros2_dashing/install/imu_madgwick_dashing/lib/pkgconfig/imu_madgwick_dashing.pc'
[14.404s] Level 1:colcon.colcon_core.environment:checking '/home/purduerm/ros2_ws/src/SLAMurai/autonav/madgwick_ros2_dashing/install/imu_madgwick_dashing/lib/python3.6/site-packages'
[14.405s] Level 1:colcon.colcon_core.environment:checking '/home/purduerm/ros2_ws/src/SLAMurai/autonav/madgwick_ros2_dashing/install/imu_madgwick_dashing/bin'
[14.407s] INFO:colcon.colcon_core.shell:Creating package script '/home/purduerm/ros2_ws/src/SLAMurai/autonav/madgwick_ros2_dashing/install/imu_madgwick_dashing/share/imu_madgwick_dashing/package.ps1'
[14.413s] INFO:colcon.colcon_core.shell:Creating package descriptor '/home/purduerm/ros2_ws/src/SLAMurai/autonav/madgwick_ros2_dashing/install/imu_madgwick_dashing/share/imu_madgwick_dashing/package.dsv'
[14.416s] INFO:colcon.colcon_core.shell:Creating package script '/home/purduerm/ros2_ws/src/SLAMurai/autonav/madgwick_ros2_dashing/install/imu_madgwick_dashing/share/imu_madgwick_dashing/package.sh'
[14.419s] INFO:colcon.colcon_core.shell:Creating package script '/home/purduerm/ros2_ws/src/SLAMurai/autonav/madgwick_ros2_dashing/install/imu_madgwick_dashing/share/imu_madgwick_dashing/package.bash'
[14.423s] INFO:colcon.colcon_core.shell:Creating package script '/home/purduerm/ros2_ws/src/SLAMurai/autonav/madgwick_ros2_dashing/install/imu_madgwick_dashing/share/imu_madgwick_dashing/package.zsh'
[14.427s] Level 1:colcon.colcon_core.environment:create_file_with_runtime_dependencies(/home/purduerm/ros2_ws/src/SLAMurai/autonav/madgwick_ros2_dashing/install/imu_madgwick_dashing/share/colcon-core/packages/imu_madgwick_dashing)
[14.440s] DEBUG:colcon.colcon_parallel_executor.executor.parallel:closing loop
[14.441s] DEBUG:colcon.colcon_parallel_executor.executor.parallel:loop closed
[14.443s] DEBUG:colcon.colcon_parallel_executor.executor.parallel:run_until_complete finished with '2'
[14.444s] DEBUG:colcon.colcon_core.event_reactor:joining thread
[14.485s] INFO:colcon.colcon_core.plugin_system:Skipping extension 'colcon_notification.desktop_notification.terminal_notifier': Not used on non-Darwin systems
[14.485s] INFO:colcon.colcon_core.plugin_system:Skipping extension 'colcon_notification.desktop_notification.win32': Not used on non-Windows systems
[14.486s] INFO:colcon.colcon_notification.desktop_notification:Sending desktop notification using 'notify2'
[14.781s] DEBUG:colcon.colcon_core.event_reactor:joined thread
[14.786s] INFO:colcon.colcon_core.shell:Creating prefix script '/home/purduerm/ros2_ws/src/SLAMurai/autonav/madgwick_ros2_dashing/install/local_setup.ps1'
[14.794s] INFO:colcon.colcon_core.shell:Creating prefix util module '/home/purduerm/ros2_ws/src/SLAMurai/autonav/madgwick_ros2_dashing/install/_local_setup_util_ps1.py'
[14.802s] INFO:colcon.colcon_core.shell:Creating prefix chain script '/home/purduerm/ros2_ws/src/SLAMurai/autonav/madgwick_ros2_dashing/install/setup.ps1'
[14.808s] INFO:colcon.colcon_core.shell:Creating prefix script '/home/purduerm/ros2_ws/src/SLAMurai/autonav/madgwick_ros2_dashing/install/local_setup.sh'
[14.811s] INFO:colcon.colcon_core.shell:Creating prefix util module '/home/purduerm/ros2_ws/src/SLAMurai/autonav/madgwick_ros2_dashing/install/_local_setup_util_sh.py'
[14.813s] INFO:colcon.colcon_core.shell:Creating prefix chain script '/home/purduerm/ros2_ws/src/SLAMurai/autonav/madgwick_ros2_dashing/install/setup.sh'
[14.818s] INFO:colcon.colcon_core.shell:Creating prefix script '/home/purduerm/ros2_ws/src/SLAMurai/autonav/madgwick_ros2_dashing/install/local_setup.bash'
[14.821s] INFO:colcon.colcon_core.shell:Creating prefix chain script '/home/purduerm/ros2_ws/src/SLAMurai/autonav/madgwick_ros2_dashing/install/setup.bash'
[14.826s] INFO:colcon.colcon_core.shell:Creating prefix script '/home/purduerm/ros2_ws/src/SLAMurai/autonav/madgwick_ros2_dashing/install/local_setup.zsh'
[14.829s] INFO:colcon.colcon_core.shell:Creating prefix chain script '/home/purduerm/ros2_ws/src/SLAMurai/autonav/madgwick_ros2_dashing/install/setup.zsh'
