[0.588s] DEBUG:colcon:Command line arguments: ['/usr/bin/colcon', 'build', '--symlink-install', '--packages-select', 'imu_madgwick_dashing']
[0.589s] DEBUG:colcon:Parsed command line arguments: Namespace(allow_overriding=[], ament_cmake_args=None, base_paths=['.'], build_base='build', catkin_cmake_args=None, catkin_skip_building_tests=False, cmake_args=None, cmake_clean_cache=False, cmake_clean_first=False, cmake_force_configure=False, cmake_target=None, cmake_target_skip_unavailable=False, continue_on_error=False, event_handlers=None, executor='parallel', ignore_user_meta=False, install_base='install', log_base=None, log_level=None, main=<bound method BuildVerb.main of <colcon_core.verb.build.BuildVerb object at 0x7faceacb38>>, merge_install=False, metas=['./colcon.meta'], packages_above=None, packages_above_and_dependencies=None, packages_above_depth=None, packages_end=None, packages_ignore=None, packages_ignore_regex=None, packages_select=['imu_madgwick_dashing'], packages_select_build_failed=False, packages_select_by_dep=None, packages_select_regex=None, packages_select_test_failures=False, packages_skip=None, packages_skip_build_finished=False, packages_skip_by_dep=None, packages_skip_regex=None, packages_skip_test_passed=False, packages_skip_up_to=None, packages_start=None, packages_up_to=None, packages_up_to_regex=None, parallel_workers=6, paths=None, symlink_install=True, test_result_base=None, verb_extension=<colcon_core.verb.build.BuildVerb object at 0x7faceacb38>, verb_name='build', verb_parser=<colcon_defaults.argument_parser.defaults.DefaultArgumentsDecorator object at 0x7faceace80>)
[0.692s] Level 1:colcon.colcon_core.package_discovery:discover_packages(colcon_meta) check parameters
[0.692s] Level 1:colcon.colcon_core.package_discovery:discover_packages(recursive) check parameters
[0.693s] Level 1:colcon.colcon_core.package_discovery:discover_packages(ignore) check parameters
[0.693s] Level 1:colcon.colcon_core.package_discovery:discover_packages(path) check parameters
[0.693s] Level 1:colcon.colcon_core.package_discovery:discover_packages(colcon_meta) discover
[0.694s] Level 1:colcon.colcon_core.package_discovery:discover_packages(recursive) discover
[0.695s] INFO:colcon.colcon_core.package_discovery:Crawling recursively for packages in '/home/purduerm/ros2_ws/src/SLAMurai/autonav/madgwick_ros2_dashing'
[0.695s] Level 1:colcon.colcon_core.package_identification:_identify(.) by extensions ['ignore', 'ignore_ament_install']
[0.696s] Level 1:colcon.colcon_core.package_identification:_identify(.) by extension 'ignore'
[0.696s] Level 1:colcon.colcon_core.package_identification:_identify(.) by extension 'ignore_ament_install'
[0.696s] Level 1:colcon.colcon_core.package_identification:_identify(.) by extensions ['colcon_pkg']
[0.697s] Level 1:colcon.colcon_core.package_identification:_identify(.) by extension 'colcon_pkg'
[0.697s] Level 1:colcon.colcon_core.package_identification:_identify(.) by extensions ['colcon_meta']
[0.697s] Level 1:colcon.colcon_core.package_identification:_identify(.) by extension 'colcon_meta'
[0.697s] Level 1:colcon.colcon_core.package_identification:_identify(.) by extensions ['ros']
[0.697s] Level 1:colcon.colcon_core.package_identification:_identify(.) by extension 'ros'
[0.769s] DEBUG:colcon.colcon_core.package_identification:Package '.' with type 'ros.ament_cmake' and name 'imu_madgwick_dashing'
[0.769s] Level 1:colcon.colcon_core.package_discovery:discover_packages(recursive) using defaults
[0.770s] Level 1:colcon.colcon_core.package_discovery:discover_packages(ignore) discover
[0.770s] Level 1:colcon.colcon_core.package_discovery:discover_packages(ignore) using defaults
[0.771s] Level 1:colcon.colcon_core.package_discovery:discover_packages(path) discover
[0.771s] Level 1:colcon.colcon_core.package_discovery:discover_packages(path) using defaults
[0.845s] Level 1:colcon.colcon_core.package_discovery:discover_packages(prefix_path) check parameters
[0.845s] Level 1:colcon.colcon_core.package_discovery:discover_packages(prefix_path) discover
[0.866s] DEBUG:colcon.colcon_installed_package_information.package_discovery:Found 257 installed packages in /opt/ros/dashing
[0.875s] Level 1:colcon.colcon_core.package_discovery:discover_packages(prefix_path) using defaults
[1.256s] Level 5:colcon.colcon_core.verb:set package 'imu_madgwick_dashing' build argument 'cmake_args' from command line to 'None'
[1.257s] Level 5:colcon.colcon_core.verb:set package 'imu_madgwick_dashing' build argument 'cmake_target' from command line to 'None'
[1.257s] Level 5:colcon.colcon_core.verb:set package 'imu_madgwick_dashing' build argument 'cmake_target_skip_unavailable' from command line to 'False'
[1.257s] Level 5:colcon.colcon_core.verb:set package 'imu_madgwick_dashing' build argument 'cmake_clean_cache' from command line to 'False'
[1.257s] Level 5:colcon.colcon_core.verb:set package 'imu_madgwick_dashing' build argument 'cmake_clean_first' from command line to 'False'
[1.257s] Level 5:colcon.colcon_core.verb:set package 'imu_madgwick_dashing' build argument 'cmake_force_configure' from command line to 'False'
[1.258s] Level 5:colcon.colcon_core.verb:set package 'imu_madgwick_dashing' build argument 'ament_cmake_args' from command line to 'None'
[1.258s] Level 5:colcon.colcon_core.verb:set package 'imu_madgwick_dashing' build argument 'catkin_cmake_args' from command line to 'None'
[1.258s] Level 5:colcon.colcon_core.verb:set package 'imu_madgwick_dashing' build argument 'catkin_skip_building_tests' from command line to 'False'
[1.258s] DEBUG:colcon.colcon_core.verb:Building package 'imu_madgwick_dashing' with the following arguments: {'ament_cmake_args': None, 'build_base': '/home/purduerm/ros2_ws/src/SLAMurai/autonav/madgwick_ros2_dashing/build/imu_madgwick_dashing', 'catkin_cmake_args': None, 'catkin_skip_building_tests': False, 'cmake_args': None, 'cmake_clean_cache': False, 'cmake_clean_first': False, 'cmake_force_configure': False, 'cmake_target': None, 'cmake_target_skip_unavailable': False, 'install_base': '/home/purduerm/ros2_ws/src/SLAMurai/autonav/madgwick_ros2_dashing/install/imu_madgwick_dashing', 'merge_install': False, 'path': '/home/purduerm/ros2_ws/src/SLAMurai/autonav/madgwick_ros2_dashing', 'symlink_install': True, 'test_result_base': None}
[1.259s] INFO:colcon.colcon_core.executor:Executing jobs using 'parallel' executor
[1.265s] DEBUG:colcon.colcon_parallel_executor.executor.parallel:run_until_complete
[1.267s] INFO:colcon.colcon_ros.task.ament_cmake.build:Building ROS package in '/home/purduerm/ros2_ws/src/SLAMurai/autonav/madgwick_ros2_dashing' with build type 'ament_cmake'
[1.269s] INFO:colcon.colcon_cmake.task.cmake.build:Building CMake package in '/home/purduerm/ros2_ws/src/SLAMurai/autonav/madgwick_ros2_dashing'
[1.279s] INFO:colcon.colcon_core.plugin_system:Skipping extension 'colcon_core.shell.bat': Not used on non-Windows systems
[1.280s] INFO:colcon.colcon_core.shell:Skip shell extension 'powershell' for command environment: Not usable outside of PowerShell
[1.281s] DEBUG:colcon.colcon_core.shell:Skip shell extension 'dsv' for command environment
[1.354s] DEBUG:colcon.colcon_core.event_handler.log_command:Invoking command in '/home/purduerm/ros2_ws/src/SLAMurai/autonav/madgwick_ros2_dashing/build/imu_madgwick_dashing': CMAKE_PREFIX_PATH=/opt/ros/dashing /usr/bin/cmake --build /home/purduerm/ros2_ws/src/SLAMurai/autonav/madgwick_ros2_dashing/build/imu_madgwick_dashing -- -j6 -l6
[20.042s] DEBUG:colcon.colcon_core.event_handler.log_command:Invoked command in '/home/purduerm/ros2_ws/src/SLAMurai/autonav/madgwick_ros2_dashing/build/imu_madgwick_dashing' returned '0': CMAKE_PREFIX_PATH=/opt/ros/dashing /usr/bin/cmake --build /home/purduerm/ros2_ws/src/SLAMurai/autonav/madgwick_ros2_dashing/build/imu_madgwick_dashing -- -j6 -l6
[20.265s] DEBUG:colcon.colcon_core.event_handler.log_command:Invoking command in '/home/purduerm/ros2_ws/src/SLAMurai/autonav/madgwick_ros2_dashing/build/imu_madgwick_dashing': CMAKE_PREFIX_PATH=/opt/ros/dashing /usr/bin/cmake --build /home/purduerm/ros2_ws/src/SLAMurai/autonav/madgwick_ros2_dashing/build/imu_madgwick_dashing --target install -- -j6 -l6
[21.291s] Level 1:colcon.colcon_core.environment:create_environment_scripts_only(imu_madgwick_dashing)
[21.295s] DEBUG:colcon.colcon_core.event_handler.log_command:Invoked command in '/home/purduerm/ros2_ws/src/SLAMurai/autonav/madgwick_ros2_dashing/build/imu_madgwick_dashing' returned '0': CMAKE_PREFIX_PATH=/opt/ros/dashing /usr/bin/cmake --build /home/purduerm/ros2_ws/src/SLAMurai/autonav/madgwick_ros2_dashing/build/imu_madgwick_dashing --target install -- -j6 -l6
[21.307s] Level 1:colcon.colcon_core.environment:checking '/home/purduerm/ros2_ws/src/SLAMurai/autonav/madgwick_ros2_dashing/install/imu_madgwick_dashing' for CMake module files
[21.310s] Level 1:colcon.colcon_core.environment:checking '/home/purduerm/ros2_ws/src/SLAMurai/autonav/madgwick_ros2_dashing/install/imu_madgwick_dashing' for CMake config files
[21.311s] Level 1:colcon.colcon_core.shell:create_environment_hook('imu_madgwick_dashing', 'cmake_prefix_path')
[21.313s] INFO:colcon.colcon_core.shell:Creating environment hook '/home/purduerm/ros2_ws/src/SLAMurai/autonav/madgwick_ros2_dashing/install/imu_madgwick_dashing/share/imu_madgwick_dashing/hook/cmake_prefix_path.ps1'
[21.316s] INFO:colcon.colcon_core.shell:Creating environment descriptor '/home/purduerm/ros2_ws/src/SLAMurai/autonav/madgwick_ros2_dashing/install/imu_madgwick_dashing/share/imu_madgwick_dashing/hook/cmake_prefix_path.dsv'
[21.317s] INFO:colcon.colcon_core.shell:Creating environment hook '/home/purduerm/ros2_ws/src/SLAMurai/autonav/madgwick_ros2_dashing/install/imu_madgwick_dashing/share/imu_madgwick_dashing/hook/cmake_prefix_path.sh'
[21.322s] Level 1:colcon.colcon_core.environment:checking '/home/purduerm/ros2_ws/src/SLAMurai/autonav/madgwick_ros2_dashing/install/imu_madgwick_dashing/lib'
[21.322s] Level 1:colcon.colcon_core.environment:checking '/home/purduerm/ros2_ws/src/SLAMurai/autonav/madgwick_ros2_dashing/install/imu_madgwick_dashing/bin'
[21.323s] Level 1:colcon.colcon_core.environment:checking '/home/purduerm/ros2_ws/src/SLAMurai/autonav/madgwick_ros2_dashing/install/imu_madgwick_dashing/lib/pkgconfig/imu_madgwick_dashing.pc'
[21.323s] Level 1:colcon.colcon_core.environment:checking '/home/purduerm/ros2_ws/src/SLAMurai/autonav/madgwick_ros2_dashing/install/imu_madgwick_dashing/lib/python3.6/site-packages'
[21.324s] Level 1:colcon.colcon_core.environment:checking '/home/purduerm/ros2_ws/src/SLAMurai/autonav/madgwick_ros2_dashing/install/imu_madgwick_dashing/bin'
[21.326s] INFO:colcon.colcon_core.shell:Creating package script '/home/purduerm/ros2_ws/src/SLAMurai/autonav/madgwick_ros2_dashing/install/imu_madgwick_dashing/share/imu_madgwick_dashing/package.ps1'
[21.329s] INFO:colcon.colcon_core.shell:Creating package descriptor '/home/purduerm/ros2_ws/src/SLAMurai/autonav/madgwick_ros2_dashing/install/imu_madgwick_dashing/share/imu_madgwick_dashing/package.dsv'
[21.331s] INFO:colcon.colcon_core.shell:Creating package script '/home/purduerm/ros2_ws/src/SLAMurai/autonav/madgwick_ros2_dashing/install/imu_madgwick_dashing/share/imu_madgwick_dashing/package.sh'
[21.335s] INFO:colcon.colcon_core.shell:Creating package script '/home/purduerm/ros2_ws/src/SLAMurai/autonav/madgwick_ros2_dashing/install/imu_madgwick_dashing/share/imu_madgwick_dashing/package.bash'
[21.338s] INFO:colcon.colcon_core.shell:Creating package script '/home/purduerm/ros2_ws/src/SLAMurai/autonav/madgwick_ros2_dashing/install/imu_madgwick_dashing/share/imu_madgwick_dashing/package.zsh'
[21.342s] Level 1:colcon.colcon_core.environment:create_file_with_runtime_dependencies(/home/purduerm/ros2_ws/src/SLAMurai/autonav/madgwick_ros2_dashing/install/imu_madgwick_dashing/share/colcon-core/packages/imu_madgwick_dashing)
[21.498s] Level 1:colcon.colcon_core.environment:create_environment_scripts_only(imu_madgwick_dashing)
[21.509s] Level 1:colcon.colcon_core.environment:checking '/home/purduerm/ros2_ws/src/SLAMurai/autonav/madgwick_ros2_dashing/install/imu_madgwick_dashing' for CMake module files
[21.512s] Level 1:colcon.colcon_core.environment:checking '/home/purduerm/ros2_ws/src/SLAMurai/autonav/madgwick_ros2_dashing/install/imu_madgwick_dashing' for CMake config files
[21.513s] Level 1:colcon.colcon_core.shell:create_environment_hook('imu_madgwick_dashing', 'cmake_prefix_path')
[21.515s] INFO:colcon.colcon_core.shell:Creating environment hook '/home/purduerm/ros2_ws/src/SLAMurai/autonav/madgwick_ros2_dashing/install/imu_madgwick_dashing/share/imu_madgwick_dashing/hook/cmake_prefix_path.ps1'
[21.517s] INFO:colcon.colcon_core.shell:Creating environment descriptor '/home/purduerm/ros2_ws/src/SLAMurai/autonav/madgwick_ros2_dashing/install/imu_madgwick_dashing/share/imu_madgwick_dashing/hook/cmake_prefix_path.dsv'
[21.518s] INFO:colcon.colcon_core.shell:Creating environment hook '/home/purduerm/ros2_ws/src/SLAMurai/autonav/madgwick_ros2_dashing/install/imu_madgwick_dashing/share/imu_madgwick_dashing/hook/cmake_prefix_path.sh'
[21.521s] Level 1:colcon.colcon_core.environment:checking '/home/purduerm/ros2_ws/src/SLAMurai/autonav/madgwick_ros2_dashing/install/imu_madgwick_dashing/lib'
[21.521s] Level 1:colcon.colcon_core.environment:checking '/home/purduerm/ros2_ws/src/SLAMurai/autonav/madgwick_ros2_dashing/install/imu_madgwick_dashing/bin'
[21.521s] Level 1:colcon.colcon_core.environment:checking '/home/purduerm/ros2_ws/src/SLAMurai/autonav/madgwick_ros2_dashing/install/imu_madgwick_dashing/lib/pkgconfig/imu_madgwick_dashing.pc'
[21.522s] Level 1:colcon.colcon_core.environment:checking '/home/purduerm/ros2_ws/src/SLAMurai/autonav/madgwick_ros2_dashing/install/imu_madgwick_dashing/lib/python3.6/site-packages'
[21.523s] Level 1:colcon.colcon_core.environment:checking '/home/purduerm/ros2_ws/src/SLAMurai/autonav/madgwick_ros2_dashing/install/imu_madgwick_dashing/bin'
[21.524s] INFO:colcon.colcon_core.shell:Creating package script '/home/purduerm/ros2_ws/src/SLAMurai/autonav/madgwick_ros2_dashing/install/imu_madgwick_dashing/share/imu_madgwick_dashing/package.ps1'
[21.527s] INFO:colcon.colcon_core.shell:Creating package descriptor '/home/purduerm/ros2_ws/src/SLAMurai/autonav/madgwick_ros2_dashing/install/imu_madgwick_dashing/share/imu_madgwick_dashing/package.dsv'
[21.529s] INFO:colcon.colcon_core.shell:Creating package script '/home/purduerm/ros2_ws/src/SLAMurai/autonav/madgwick_ros2_dashing/install/imu_madgwick_dashing/share/imu_madgwick_dashing/package.sh'
[21.530s] INFO:colcon.colcon_core.shell:Creating package script '/home/purduerm/ros2_ws/src/SLAMurai/autonav/madgwick_ros2_dashing/install/imu_madgwick_dashing/share/imu_madgwick_dashing/package.bash'
[21.531s] INFO:colcon.colcon_core.shell:Creating package script '/home/purduerm/ros2_ws/src/SLAMurai/autonav/madgwick_ros2_dashing/install/imu_madgwick_dashing/share/imu_madgwick_dashing/package.zsh'
[21.533s] Level 1:colcon.colcon_core.environment:create_file_with_runtime_dependencies(/home/purduerm/ros2_ws/src/SLAMurai/autonav/madgwick_ros2_dashing/install/imu_madgwick_dashing/share/colcon-core/packages/imu_madgwick_dashing)
[21.534s] DEBUG:colcon.colcon_parallel_executor.executor.parallel:closing loop
[21.536s] DEBUG:colcon.colcon_parallel_executor.executor.parallel:loop closed
[21.537s] DEBUG:colcon.colcon_parallel_executor.executor.parallel:run_until_complete finished with '0'
[21.537s] DEBUG:colcon.colcon_core.event_reactor:joining thread
[21.556s] INFO:colcon.colcon_core.plugin_system:Skipping extension 'colcon_notification.desktop_notification.terminal_notifier': Not used on non-Darwin systems
[21.557s] INFO:colcon.colcon_core.plugin_system:Skipping extension 'colcon_notification.desktop_notification.win32': Not used on non-Windows systems
[21.557s] INFO:colcon.colcon_notification.desktop_notification:Sending desktop notification using 'notify2'
[21.809s] DEBUG:colcon.colcon_core.event_reactor:joined thread
[21.812s] INFO:colcon.colcon_core.shell:Creating prefix script '/home/purduerm/ros2_ws/src/SLAMurai/autonav/madgwick_ros2_dashing/install/local_setup.ps1'
[21.820s] INFO:colcon.colcon_core.shell:Creating prefix util module '/home/purduerm/ros2_ws/src/SLAMurai/autonav/madgwick_ros2_dashing/install/_local_setup_util_ps1.py'
[21.828s] INFO:colcon.colcon_core.shell:Creating prefix chain script '/home/purduerm/ros2_ws/src/SLAMurai/autonav/madgwick_ros2_dashing/install/setup.ps1'
[21.834s] INFO:colcon.colcon_core.shell:Creating prefix script '/home/purduerm/ros2_ws/src/SLAMurai/autonav/madgwick_ros2_dashing/install/local_setup.sh'
[21.837s] INFO:colcon.colcon_core.shell:Creating prefix util module '/home/purduerm/ros2_ws/src/SLAMurai/autonav/madgwick_ros2_dashing/install/_local_setup_util_sh.py'
[21.839s] INFO:colcon.colcon_core.shell:Creating prefix chain script '/home/purduerm/ros2_ws/src/SLAMurai/autonav/madgwick_ros2_dashing/install/setup.sh'
[21.844s] INFO:colcon.colcon_core.shell:Creating prefix script '/home/purduerm/ros2_ws/src/SLAMurai/autonav/madgwick_ros2_dashing/install/local_setup.bash'
[21.847s] INFO:colcon.colcon_core.shell:Creating prefix chain script '/home/purduerm/ros2_ws/src/SLAMurai/autonav/madgwick_ros2_dashing/install/setup.bash'
[21.852s] INFO:colcon.colcon_core.shell:Creating prefix script '/home/purduerm/ros2_ws/src/SLAMurai/autonav/madgwick_ros2_dashing/install/local_setup.zsh'
[21.855s] INFO:colcon.colcon_core.shell:Creating prefix chain script '/home/purduerm/ros2_ws/src/SLAMurai/autonav/madgwick_ros2_dashing/install/setup.zsh'
