-- Found ament_cmake: 0.7.6 (/opt/ros/dashing/share/ament_cmake/cmake)
-- Using PYTHON_EXECUTABLE: /usr/bin/python3
-- Override CMake install command with custom implementation using symlinks instead of copying resources
-- Found rclcpp: 0.7.16 (/opt/ros/dashing/share/rclcpp/cmake)
-- Found rosidl_adapter: 0.7.10 (/opt/ros/dashing/share/rosidl_adapter/cmake)
-- Found rmw_implementation_cmake: 0.7.2 (/opt/ros/dashing/share/rmw_implementation_cmake/cmake)
-- Using RMW implementation 'rmw_fastrtps_cpp' as default
-- Found sensor_msgs: 0.7.1 (/opt/ros/dashing/share/sensor_msgs/cmake)
-- Found tf2: 0.11.6 (/opt/ros/dashing/share/tf2/cmake)
-- Found tf2_ros: 0.11.6 (/opt/ros/dashing/share/tf2_ros/cmake)
-- Configuring done
-- Generating done
-- Build files have been written to: /home/purduerm/ros2_ws/src/SLAMurai/autonav/madgwick_ros2_dashing/build/imu_madgwick_dashing
[35m[1mScanning dependencies of target madgwick_node[0m
[ 50%] [32mBuilding CXX object CMakeFiles/madgwick_node.dir/src/madgwick_node.cpp.o[0m
[01m[K/home/purduerm/ros2_ws/src/SLAMurai/autonav/madgwick_ros2_dashing/src/madgwick_node.cpp:[m[K In member function ‘[01m[Kvoid Madgwick::updateIMU(double, double, double, double, double, double, double)[m[K’:
[01m[K/home/purduerm/ros2_ws/src/SLAMurai/autonav/madgwick_ros2_dashing/src/madgwick_node.cpp:168:14:[m[K [01;31m[Kerror: [m[Kredeclaration of ‘[01m[Kdouble recipNorm[m[K’
       double [01;31m[KrecipNorm[m[K = invSqrt(s0*s0 + s1*s1 + s2*s2 + s3*s3);
              [01;31m[K^~~~~~~~~[m[K
[01m[K/home/purduerm/ros2_ws/src/SLAMurai/autonav/madgwick_ros2_dashing/src/madgwick_node.cpp:146:14:[m[K [01;36m[Knote: [m[K‘[01m[Kdouble recipNorm[m[K’ previously declared here
       double [01;36m[KrecipNorm[m[K = invSqrt(ax*ax + ay*ay + az*az);
              [01;36m[K^~~~~~~~~[m[K
CMakeFiles/madgwick_node.dir/build.make:62: recipe for target 'CMakeFiles/madgwick_node.dir/src/madgwick_node.cpp.o' failed
make[2]: *** [CMakeFiles/madgwick_node.dir/src/madgwick_node.cpp.o] Error 1
make[1]: *** [CMakeFiles/madgwick_node.dir/all] Error 2
CMakeFiles/Makefile2:67: recipe for target 'CMakeFiles/madgwick_node.dir/all' failed
make: *** [all] Error 2
Makefile:140: recipe for target 'all' failed
