[35m[1mScanning dependencies of target madgwick_node[0m
[ 50%] [32mBuilding CXX object CMakeFiles/madgwick_node.dir/src/madgwick_node.cpp.o[0m
[100%] [32m[1mLinking CXX executable madgwick_node[0m
[100%] Built target madgwick_node
[100%] Built target madgwick_node
[36mInstall the project...[0m
-- Install configuration: ""
-- Execute custom install script
-- Symlinking: /home/purduerm/ros2_ws/src/SLAMurai/autonav/madgwick_ros2_dashing/install/imu_madgwick_dashing/lib/imu_madgwick_dashing/madgwick_node
-- Symlinking: /home/purduerm/ros2_ws/src/SLAMurai/autonav/madgwick_ros2_dashing/install/imu_madgwick_dashing/share/ament_index/resource_index/package_run_dependencies/imu_madgwick_dashing
-- Symlinking: /home/purduerm/ros2_ws/src/SLAMurai/autonav/madgwick_ros2_dashing/install/imu_madgwick_dashing/share/ament_index/resource_index/parent_prefix_path/imu_madgwick_dashing
-- Symlinking: /home/purduerm/ros2_ws/src/SLAMurai/autonav/madgwick_ros2_dashing/install/imu_madgwick_dashing/share/imu_madgwick_dashing/environment/ament_prefix_path.sh
-- Symlinking: /home/purduerm/ros2_ws/src/SLAMurai/autonav/madgwick_ros2_dashing/install/imu_madgwick_dashing/share/imu_madgwick_dashing/environment/path.sh
-- Symlinking: /home/purduerm/ros2_ws/src/SLAMurai/autonav/madgwick_ros2_dashing/install/imu_madgwick_dashing/share/imu_madgwick_dashing/local_setup.bash
-- Symlinking: /home/purduerm/ros2_ws/src/SLAMurai/autonav/madgwick_ros2_dashing/install/imu_madgwick_dashing/share/imu_madgwick_dashing/local_setup.sh
-- Symlinking: /home/purduerm/ros2_ws/src/SLAMurai/autonav/madgwick_ros2_dashing/install/imu_madgwick_dashing/share/imu_madgwick_dashing/local_setup.zsh
-- Symlinking: /home/purduerm/ros2_ws/src/SLAMurai/autonav/madgwick_ros2_dashing/install/imu_madgwick_dashing/share/ament_index/resource_index/packages/imu_madgwick_dashing
-- Symlinking: /home/purduerm/ros2_ws/src/SLAMurai/autonav/madgwick_ros2_dashing/install/imu_madgwick_dashing/share/imu_madgwick_dashing/cmake/imu_madgwick_dashingConfig.cmake
-- Symlinking: /home/purduerm/ros2_ws/src/SLAMurai/autonav/madgwick_ros2_dashing/install/imu_madgwick_dashing/share/imu_madgwick_dashing/cmake/imu_madgwick_dashingConfig-version.cmake
-- Symlinking: /home/purduerm/ros2_ws/src/SLAMurai/autonav/madgwick_ros2_dashing/install/imu_madgwick_dashing/share/imu_madgwick_dashing/package.xml
