[0.085s] Invoking command in '/home/purduerm/ros2_ws/src/SLAMurai/autonav/madgwick_ros2_dashing/build/imu_madgwick_dashing': CMAKE_PREFIX_PATH=/opt/ros/dashing /usr/bin/cmake --build /home/purduerm/ros2_ws/src/SLAMurai/autonav/madgwick_ros2_dashing/build/imu_madgwick_dashing -- -j6 -l6
[0.302s] [35m[1mScanning dependencies of target madgwick_node[0m
[0.454s] [ 50%] [32mBuilding CXX object CMakeFiles/madgwick_node.dir/src/madgwick_node.cpp.o[0m
[17.720s] [100%] [32m[1mLinking CXX executable madgwick_node[0m
[18.732s] [100%] Built target madgwick_node
[18.773s] Invoked command in '/home/purduerm/ros2_ws/src/SLAMurai/autonav/madgwick_ros2_dashing/build/imu_madgwick_dashing' returned '0': CMAKE_PREFIX_PATH=/opt/ros/dashing /usr/bin/cmake --build /home/purduerm/ros2_ws/src/SLAMurai/autonav/madgwick_ros2_dashing/build/imu_madgwick_dashing -- -j6 -l6
[18.991s] Invoking command in '/home/purduerm/ros2_ws/src/SLAMurai/autonav/madgwick_ros2_dashing/build/imu_madgwick_dashing': CMAKE_PREFIX_PATH=/opt/ros/dashing /usr/bin/cmake --build /home/purduerm/ros2_ws/src/SLAMurai/autonav/madgwick_ros2_dashing/build/imu_madgwick_dashing --target install -- -j6 -l6
[19.316s] [100%] Built target madgwick_node
[19.394s] [36mInstall the project...[0m
[19.446s] -- Install configuration: ""
[19.450s] -- Execute custom install script
[19.454s] -- Symlinking: /home/purduerm/ros2_ws/src/SLAMurai/autonav/madgwick_ros2_dashing/install/imu_madgwick_dashing/lib/imu_madgwick_dashing/madgwick_node
[19.490s] -- Symlinking: /home/purduerm/ros2_ws/src/SLAMurai/autonav/madgwick_ros2_dashing/install/imu_madgwick_dashing/share/ament_index/resource_index/package_run_dependencies/imu_madgwick_dashing
[19.525s] -- Symlinking: /home/purduerm/ros2_ws/src/SLAMurai/autonav/madgwick_ros2_dashing/install/imu_madgwick_dashing/share/ament_index/resource_index/parent_prefix_path/imu_madgwick_dashing
[19.561s] -- Symlinking: /home/purduerm/ros2_ws/src/SLAMurai/autonav/madgwick_ros2_dashing/install/imu_madgwick_dashing/share/imu_madgwick_dashing/environment/ament_prefix_path.sh
[19.613s] -- Symlinking: /home/purduerm/ros2_ws/src/SLAMurai/autonav/madgwick_ros2_dashing/install/imu_madgwick_dashing/share/imu_madgwick_dashing/environment/path.sh
[19.667s] -- Symlinking: /home/purduerm/ros2_ws/src/SLAMurai/autonav/madgwick_ros2_dashing/install/imu_madgwick_dashing/share/imu_madgwick_dashing/local_setup.bash
[19.720s] -- Symlinking: /home/purduerm/ros2_ws/src/SLAMurai/autonav/madgwick_ros2_dashing/install/imu_madgwick_dashing/share/imu_madgwick_dashing/local_setup.sh
[19.752s] -- Symlinking: /home/purduerm/ros2_ws/src/SLAMurai/autonav/madgwick_ros2_dashing/install/imu_madgwick_dashing/share/imu_madgwick_dashing/local_setup.zsh
[19.806s] -- Symlinking: /home/purduerm/ros2_ws/src/SLAMurai/autonav/madgwick_ros2_dashing/install/imu_madgwick_dashing/share/ament_index/resource_index/packages/imu_madgwick_dashing
[19.858s] -- Symlinking: /home/purduerm/ros2_ws/src/SLAMurai/autonav/madgwick_ros2_dashing/install/imu_madgwick_dashing/share/imu_madgwick_dashing/cmake/imu_madgwick_dashingConfig.cmake
[19.910s] -- Symlinking: /home/purduerm/ros2_ws/src/SLAMurai/autonav/madgwick_ros2_dashing/install/imu_madgwick_dashing/share/imu_madgwick_dashing/cmake/imu_madgwick_dashingConfig-version.cmake
[19.964s] -- Symlinking: /home/purduerm/ros2_ws/src/SLAMurai/autonav/madgwick_ros2_dashing/install/imu_madgwick_dashing/share/imu_madgwick_dashing/package.xml
[20.027s] Invoked command in '/home/purduerm/ros2_ws/src/SLAMurai/autonav/madgwick_ros2_dashing/build/imu_madgwick_dashing' returned '0': CMAKE_PREFIX_PATH=/opt/ros/dashing /usr/bin/cmake --build /home/purduerm/ros2_ws/src/SLAMurai/autonav/madgwick_ros2_dashing/build/imu_madgwick_dashing --target install -- -j6 -l6
